
21. Executing PROC_DLATCH pass (convert process syncs to latches).
No latch inferred for signal `\ascon_initialization.\S[0]' from process `\ascon_initialization.$proc$/home/leducduy/Desktop/ascon_accerlerator/ascon_core_verilog/rtl/ascon_initialization.v:0$467'.
No latch inferred for signal `\ascon_initialization.\S[1]' from process `\ascon_initialization.$proc$/home/leducduy/Desktop/ascon_accerlerator/ascon_core_verilog/rtl/ascon_initialization.v:0$467'.
No latch inferred for signal `\ascon_initialization.\S[2]' from process `\ascon_initialization.$proc$/home/leducduy/Desktop/ascon_accerlerator/ascon_core_verilog/rtl/ascon_initialization.v:0$467'.
No latch inferred for signal `\ascon_initialization.\S[3]' from process `\ascon_initialization.$proc$/home/leducduy/Desktop/ascon_accerlerator/ascon_core_verilog/rtl/ascon_initialization.v:0$467'.
No latch inferred for signal `\ascon_initialization.\S[4]' from process `\ascon_initialization.$proc$/home/leducduy/Desktop/ascon_accerlerator/ascon_core_verilog/rtl/ascon_initialization.v:0$467'.
No latch inferred for signal `\ascon_permutation_p12.\x0_round[0]' from process `\ascon_permutation_p12.$proc$/home/leducduy/Desktop/ascon_accerlerator/ascon_core_verilog/rtl/ascon_permutation.v:0$617'.
No latch inferred for signal `\ascon_permutation_p12.\x0_round[1]' from process `\ascon_permutation_p12.$proc$/home/leducduy/Desktop/ascon_accerlerator/ascon_core_verilog/rtl/ascon_permutation.v:0$617'.
No latch inferred for signal `\ascon_permutation_p12.\x0_round[2]' from process `\ascon_permutation_p12.$proc$/home/leducduy/Desktop/ascon_accerlerator/ascon_core_verilog/rtl/ascon_permutation.v:0$617'.
No latch inferred for signal `\ascon_permutation_p12.\x0_round[3]' from process `\ascon_permutation_p12.$proc$/home/leducduy/Desktop/ascon_accerlerator/ascon_core_verilog/rtl/ascon_permutation.v:0$617'.
No latch inferred for signal `\ascon_permutation_p12.\x0_round[4]' from process `\ascon_permutation_p12.$proc$/home/leducduy/Desktop/ascon_accerlerator/ascon_core_verilog/rtl/ascon_permutation.v:0$617'.
No latch inferred for signal `\ascon_permutation_p12.\x0_round[5]' from process `\ascon_permutation_p12.$proc$/home/leducduy/Desktop/ascon_accerlerator/ascon_core_verilog/rtl/ascon_permutation.v:0$617'.
No latch inferred for signal `\ascon_permutation_p12.\x0_round[6]' from process `\ascon_permutation_p12.$proc$/home/leducduy/Desktop/ascon_accerlerator/ascon_core_verilog/rtl/ascon_permutation.v:0$617'.
No latch inferred for signal `\ascon_permutation_p12.\x1_round[0]' from process `\ascon_permutation_p12.$proc$/home/leducduy/Desktop/ascon_accerlerator/ascon_core_verilog/rtl/ascon_permutation.v:0$617'.
No latch inferred for signal `\ascon_permutation_p12.\x1_round[1]' from process `\ascon_permutation_p12.$proc$/home/leducduy/Desktop/ascon_accerlerator/ascon_core_verilog/rtl/ascon_permutation.v:0$617'.
No latch inferred for signal `\ascon_permutation_p12.\x1_round[2]' from process `\ascon_permutation_p12.$proc$/home/leducduy/Desktop/ascon_accerlerator/ascon_core_verilog/rtl/ascon_permutation.v:0$617'.
No latch inferred for signal `\ascon_permutation_p12.\x1_round[3]' from process `\ascon_permutation_p12.$proc$/home/leducduy/Desktop/ascon_accerlerator/ascon_core_verilog/rtl/ascon_permutation.v:0$617'.
No latch inferred for signal `\ascon_permutation_p12.\x1_round[4]' from process `\ascon_permutation_p12.$proc$/home/leducduy/Desktop/ascon_accerlerator/ascon_core_verilog/rtl/ascon_permutation.v:0$617'.
No latch inferred for signal `\ascon_permutation_p12.\x1_round[5]' from process `\ascon_permutation_p12.$proc$/home/leducduy/Desktop/ascon_accerlerator/ascon_core_verilog/rtl/ascon_permutation.v:0$617'.
No latch inferred for signal `\ascon_permutation_p12.\x1_round[6]' from process `\ascon_permutation_p12.$proc$/home/leducduy/Desktop/ascon_accerlerator/ascon_core_verilog/rtl/ascon_permutation.v:0$617'.
No latch inferred for signal `\ascon_permutation_p12.\x2_round[0]' from process `\ascon_permutation_p12.$proc$/home/leducduy/Desktop/ascon_accerlerator/ascon_core_verilog/rtl/ascon_permutation.v:0$617'.
No latch inferred for signal `\ascon_permutation_p12.\x2_round[1]' from process `\ascon_permutation_p12.$proc$/home/leducduy/Desktop/ascon_accerlerator/ascon_core_verilog/rtl/ascon_permutation.v:0$617'.
No latch inferred for signal `\ascon_permutation_p12.\x2_round[2]' from process `\ascon_permutation_p12.$proc$/home/leducduy/Desktop/ascon_accerlerator/ascon_core_verilog/rtl/ascon_permutation.v:0$617'.
No latch inferred for signal `\ascon_permutation_p12.\x2_round[3]' from process `\ascon_permutation_p12.$proc$/home/leducduy/Desktop/ascon_accerlerator/ascon_core_verilog/rtl/ascon_permutation.v:0$617'.
No latch inferred for signal `\ascon_permutation_p12.\x2_round[4]' from process `\ascon_permutation_p12.$proc$/home/leducduy/Desktop/ascon_accerlerator/ascon_core_verilog/rtl/ascon_permutation.v:0$617'.
No latch inferred for signal `\ascon_permutation_p12.\x2_round[5]' from process `\ascon_permutation_p12.$proc$/home/leducduy/Desktop/ascon_accerlerator/ascon_core_verilog/rtl/ascon_permutation.v:0$617'.
No latch inferred for signal `\ascon_permutation_p12.\x2_round[6]' from process `\ascon_permutation_p12.$proc$/home/leducduy/Desktop/ascon_accerlerator/ascon_core_verilog/rtl/ascon_permutation.v:0$617'.
No latch inferred for signal `\ascon_permutation_p12.\x3_round[0]' from process `\ascon_permutation_p12.$proc$/home/leducduy/Desktop/ascon_accerlerator/ascon_core_verilog/rtl/ascon_permutation.v:0$617'.
No latch inferred for signal `\ascon_permutation_p12.\x3_round[1]' from process `\ascon_permutation_p12.$proc$/home/leducduy/Desktop/ascon_accerlerator/ascon_core_verilog/rtl/ascon_permutation.v:0$617'.
No latch inferred for signal `\ascon_permutation_p12.\x3_round[2]' from process `\ascon_permutation_p12.$proc$/home/leducduy/Desktop/ascon_accerlerator/ascon_core_verilog/rtl/ascon_permutation.v:0$617'.
No latch inferred for signal `\ascon_permutation_p12.\x3_round[3]' from process `\ascon_permutation_p12.$proc$/home/leducduy/Desktop/ascon_accerlerator/ascon_core_verilog/rtl/ascon_permutation.v:0$617'.
No latch inferred for signal `\ascon_permutation_p12.\x3_round[4]' from process `\ascon_permutation_p12.$proc$/home/leducduy/Desktop/ascon_accerlerator/ascon_core_verilog/rtl/ascon_permutation.v:0$617'.
No latch inferred for signal `\ascon_permutation_p12.\x3_round[5]' from process `\ascon_permutation_p12.$proc$/home/leducduy/Desktop/ascon_accerlerator/ascon_core_verilog/rtl/ascon_permutation.v:0$617'.
No latch inferred for signal `\ascon_permutation_p12.\x3_round[6]' from process `\ascon_permutation_p12.$proc$/home/leducduy/Desktop/ascon_accerlerator/ascon_core_verilog/rtl/ascon_permutation.v:0$617'.
No latch inferred for signal `\ascon_permutation_p12.\x4_round[0]' from process `\ascon_permutation_p12.$proc$/home/leducduy/Desktop/ascon_accerlerator/ascon_core_verilog/rtl/ascon_permutation.v:0$617'.
No latch inferred for signal `\ascon_permutation_p12.\x4_round[1]' from process `\ascon_permutation_p12.$proc$/home/leducduy/Desktop/ascon_accerlerator/ascon_core_verilog/rtl/ascon_permutation.v:0$617'.
No latch inferred for signal `\ascon_permutation_p12.\x4_round[2]' from process `\ascon_permutation_p12.$proc$/home/leducduy/Desktop/ascon_accerlerator/ascon_core_verilog/rtl/ascon_permutation.v:0$617'.
No latch inferred for signal `\ascon_permutation_p12.\x4_round[3]' from process `\ascon_permutation_p12.$proc$/home/leducduy/Desktop/ascon_accerlerator/ascon_core_verilog/rtl/ascon_permutation.v:0$617'.
No latch inferred for signal `\ascon_permutation_p12.\x4_round[4]' from process `\ascon_permutation_p12.$proc$/home/leducduy/Desktop/ascon_accerlerator/ascon_core_verilog/rtl/ascon_permutation.v:0$617'.
No latch inferred for signal `\ascon_permutation_p12.\x4_round[5]' from process `\ascon_permutation_p12.$proc$/home/leducduy/Desktop/ascon_accerlerator/ascon_core_verilog/rtl/ascon_permutation.v:0$617'.
No latch inferred for signal `\ascon_permutation_p12.\x4_round[6]' from process `\ascon_permutation_p12.$proc$/home/leducduy/Desktop/ascon_accerlerator/ascon_core_verilog/rtl/ascon_permutation.v:0$617'.
No latch inferred for signal `\ascon_permutation_p12.\x0_round[7]' from process `\ascon_permutation_p12.$proc$/home/leducduy/Desktop/ascon_accerlerator/ascon_core_verilog/rtl/ascon_permutation.v:0$617'.
No latch inferred for signal `\ascon_permutation_p12.\x0_round[8]' from process `\ascon_permutation_p12.$proc$/home/leducduy/Desktop/ascon_accerlerator/ascon_core_verilog/rtl/ascon_permutation.v:0$617'.
No latch inferred for signal `\ascon_permutation_p12.\x0_round[9]' from process `\ascon_permutation_p12.$proc$/home/leducduy/Desktop/ascon_accerlerator/ascon_core_verilog/rtl/ascon_permutation.v:0$617'.
No latch inferred for signal `\ascon_permutation_p12.\x0_round[10]' from process `\ascon_permutation_p12.$proc$/home/leducduy/Desktop/ascon_accerlerator/ascon_core_verilog/rtl/ascon_permutation.v:0$617'.
No latch inferred for signal `\ascon_permutation_p12.\x1_round[7]' from process `\ascon_permutation_p12.$proc$/home/leducduy/Desktop/ascon_accerlerator/ascon_core_verilog/rtl/ascon_permutation.v:0$617'.
No latch inferred for signal `\ascon_permutation_p12.\x1_round[8]' from process `\ascon_permutation_p12.$proc$/home/leducduy/Desktop/ascon_accerlerator/ascon_core_verilog/rtl/ascon_permutation.v:0$617'.
No latch inferred for signal `\ascon_permutation_p12.\x1_round[9]' from process `\ascon_permutation_p12.$proc$/home/leducduy/Desktop/ascon_accerlerator/ascon_core_verilog/rtl/ascon_permutation.v:0$617'.
No latch inferred for signal `\ascon_permutation_p12.\x1_round[10]' from process `\ascon_permutation_p12.$proc$/home/leducduy/Desktop/ascon_accerlerator/ascon_core_verilog/rtl/ascon_permutation.v:0$617'.
No latch inferred for signal `\ascon_permutation_p12.\x2_round[7]' from process `\ascon_permutation_p12.$proc$/home/leducduy/Desktop/ascon_accerlerator/ascon_core_verilog/rtl/ascon_permutation.v:0$617'.
No latch inferred for signal `\ascon_permutation_p12.\x2_round[8]' from process `\ascon_permutation_p12.$proc$/home/leducduy/Desktop/ascon_accerlerator/ascon_core_verilog/rtl/ascon_permutation.v:0$617'.
No latch inferred for signal `\ascon_permutation_p12.\x2_round[9]' from process `\ascon_permutation_p12.$proc$/home/leducduy/Desktop/ascon_accerlerator/ascon_core_verilog/rtl/ascon_permutation.v:0$617'.
No latch inferred for signal `\ascon_permutation_p12.\x2_round[10]' from process `\ascon_permutation_p12.$proc$/home/leducduy/Desktop/ascon_accerlerator/ascon_core_verilog/rtl/ascon_permutation.v:0$617'.
No latch inferred for signal `\ascon_permutation_p12.\x3_round[7]' from process `\ascon_permutation_p12.$proc$/home/leducduy/Desktop/ascon_accerlerator/ascon_core_verilog/rtl/ascon_permutation.v:0$617'.
No latch inferred for signal `\ascon_permutation_p12.\x3_round[8]' from process `\ascon_permutation_p12.$proc$/home/leducduy/Desktop/ascon_accerlerator/ascon_core_verilog/rtl/ascon_permutation.v:0$617'.
No latch inferred for signal `\ascon_permutation_p12.\x3_round[9]' from process `\ascon_permutation_p12.$proc$/home/leducduy/Desktop/ascon_accerlerator/ascon_core_verilog/rtl/ascon_permutation.v:0$617'.
No latch inferred for signal `\ascon_permutation_p12.\x3_round[10]' from process `\ascon_permutation_p12.$proc$/home/leducduy/Desktop/ascon_accerlerator/ascon_core_verilog/rtl/ascon_permutation.v:0$617'.
No latch inferred for signal `\ascon_permutation_p12.\x4_round[7]' from process `\ascon_permutation_p12.$proc$/home/leducduy/Desktop/ascon_accerlerator/ascon_core_verilog/rtl/ascon_permutation.v:0$617'.
No latch inferred for signal `\ascon_permutation_p12.\x4_round[8]' from process `\ascon_permutation_p12.$proc$/home/leducduy/Desktop/ascon_accerlerator/ascon_core_verilog/rtl/ascon_permutation.v:0$617'.
No latch inferred for signal `\ascon_permutation_p12.\x4_round[9]' from process `\ascon_permutation_p12.$proc$/home/leducduy/Desktop/ascon_accerlerator/ascon_core_verilog/rtl/ascon_permutation.v:0$617'.
No latch inferred for signal `\ascon_permutation_p12.\x4_round[10]' from process `\ascon_permutation_p12.$proc$/home/leducduy/Desktop/ascon_accerlerator/ascon_core_verilog/rtl/ascon_permutation.v:0$617'.
No latch inferred for signal `\ascon_permutation_p8.\x0_round[0]' from process `\ascon_permutation_p8.$proc$/home/leducduy/Desktop/ascon_accerlerator/ascon_core_verilog/rtl/ascon_permutation.v:0$688'.
No latch inferred for signal `\ascon_permutation_p8.\x0_round[1]' from process `\ascon_permutation_p8.$proc$/home/leducduy/Desktop/ascon_accerlerator/ascon_core_verilog/rtl/ascon_permutation.v:0$688'.
No latch inferred for signal `\ascon_permutation_p8.\x0_round[2]' from process `\ascon_permutation_p8.$proc$/home/leducduy/Desktop/ascon_accerlerator/ascon_core_verilog/rtl/ascon_permutation.v:0$688'.
No latch inferred for signal `\ascon_permutation_p8.\x0_round[3]' from process `\ascon_permutation_p8.$proc$/home/leducduy/Desktop/ascon_accerlerator/ascon_core_verilog/rtl/ascon_permutation.v:0$688'.
No latch inferred for signal `\ascon_permutation_p8.\x0_round[4]' from process `\ascon_permutation_p8.$proc$/home/leducduy/Desktop/ascon_accerlerator/ascon_core_verilog/rtl/ascon_permutation.v:0$688'.
No latch inferred for signal `\ascon_permutation_p8.\x0_round[5]' from process `\ascon_permutation_p8.$proc$/home/leducduy/Desktop/ascon_accerlerator/ascon_core_verilog/rtl/ascon_permutation.v:0$688'.
No latch inferred for signal `\ascon_permutation_p8.\x0_round[6]' from process `\ascon_permutation_p8.$proc$/home/leducduy/Desktop/ascon_accerlerator/ascon_core_verilog/rtl/ascon_permutation.v:0$688'.
No latch inferred for signal `\ascon_permutation_p8.\x1_round[0]' from process `\ascon_permutation_p8.$proc$/home/leducduy/Desktop/ascon_accerlerator/ascon_core_verilog/rtl/ascon_permutation.v:0$688'.
No latch inferred for signal `\ascon_permutation_p8.\x1_round[1]' from process `\ascon_permutation_p8.$proc$/home/leducduy/Desktop/ascon_accerlerator/ascon_core_verilog/rtl/ascon_permutation.v:0$688'.
No latch inferred for signal `\ascon_permutation_p8.\x1_round[2]' from process `\ascon_permutation_p8.$proc$/home/leducduy/Desktop/ascon_accerlerator/ascon_core_verilog/rtl/ascon_permutation.v:0$688'.
No latch inferred for signal `\ascon_permutation_p8.\x1_round[3]' from process `\ascon_permutation_p8.$proc$/home/leducduy/Desktop/ascon_accerlerator/ascon_core_verilog/rtl/ascon_permutation.v:0$688'.
No latch inferred for signal `\ascon_permutation_p8.\x1_round[4]' from process `\ascon_permutation_p8.$proc$/home/leducduy/Desktop/ascon_accerlerator/ascon_core_verilog/rtl/ascon_permutation.v:0$688'.
No latch inferred for signal `\ascon_permutation_p8.\x1_round[5]' from process `\ascon_permutation_p8.$proc$/home/leducduy/Desktop/ascon_accerlerator/ascon_core_verilog/rtl/ascon_permutation.v:0$688'.
No latch inferred for signal `\ascon_permutation_p8.\x1_round[6]' from process `\ascon_permutation_p8.$proc$/home/leducduy/Desktop/ascon_accerlerator/ascon_core_verilog/rtl/ascon_permutation.v:0$688'.
No latch inferred for signal `\ascon_permutation_p8.\x2_round[0]' from process `\ascon_permutation_p8.$proc$/home/leducduy/Desktop/ascon_accerlerator/ascon_core_verilog/rtl/ascon_permutation.v:0$688'.
No latch inferred for signal `\ascon_permutation_p8.\x2_round[1]' from process `\ascon_permutation_p8.$proc$/home/leducduy/Desktop/ascon_accerlerator/ascon_core_verilog/rtl/ascon_permutation.v:0$688'.
No latch inferred for signal `\ascon_permutation_p8.\x2_round[2]' from process `\ascon_permutation_p8.$proc$/home/leducduy/Desktop/ascon_accerlerator/ascon_core_verilog/rtl/ascon_permutation.v:0$688'.
No latch inferred for signal `\ascon_permutation_p8.\x2_round[3]' from process `\ascon_permutation_p8.$proc$/home/leducduy/Desktop/ascon_accerlerator/ascon_core_verilog/rtl/ascon_permutation.v:0$688'.
No latch inferred for signal `\ascon_permutation_p8.\x2_round[4]' from process `\ascon_permutation_p8.$proc$/home/leducduy/Desktop/ascon_accerlerator/ascon_core_verilog/rtl/ascon_permutation.v:0$688'.
No latch inferred for signal `\ascon_permutation_p8.\x2_round[5]' from process `\ascon_permutation_p8.$proc$/home/leducduy/Desktop/ascon_accerlerator/ascon_core_verilog/rtl/ascon_permutation.v:0$688'.
No latch inferred for signal `\ascon_permutation_p8.\x2_round[6]' from process `\ascon_permutation_p8.$proc$/home/leducduy/Desktop/ascon_accerlerator/ascon_core_verilog/rtl/ascon_permutation.v:0$688'.
No latch inferred for signal `\ascon_permutation_p8.\x3_round[0]' from process `\ascon_permutation_p8.$proc$/home/leducduy/Desktop/ascon_accerlerator/ascon_core_verilog/rtl/ascon_permutation.v:0$688'.
No latch inferred for signal `\ascon_permutation_p8.\x3_round[1]' from process `\ascon_permutation_p8.$proc$/home/leducduy/Desktop/ascon_accerlerator/ascon_core_verilog/rtl/ascon_permutation.v:0$688'.
No latch inferred for signal `\ascon_permutation_p8.\x3_round[2]' from process `\ascon_permutation_p8.$proc$/home/leducduy/Desktop/ascon_accerlerator/ascon_core_verilog/rtl/ascon_permutation.v:0$688'.
No latch inferred for signal `\ascon_permutation_p8.\x3_round[3]' from process `\ascon_permutation_p8.$proc$/home/leducduy/Desktop/ascon_accerlerator/ascon_core_verilog/rtl/ascon_permutation.v:0$688'.
No latch inferred for signal `\ascon_permutation_p8.\x3_round[4]' from process `\ascon_permutation_p8.$proc$/home/leducduy/Desktop/ascon_accerlerator/ascon_core_verilog/rtl/ascon_permutation.v:0$688'.
No latch inferred for signal `\ascon_permutation_p8.\x3_round[5]' from process `\ascon_permutation_p8.$proc$/home/leducduy/Desktop/ascon_accerlerator/ascon_core_verilog/rtl/ascon_permutation.v:0$688'.
No latch inferred for signal `\ascon_permutation_p8.\x3_round[6]' from process `\ascon_permutation_p8.$proc$/home/leducduy/Desktop/ascon_accerlerator/ascon_core_verilog/rtl/ascon_permutation.v:0$688'.
No latch inferred for signal `\ascon_permutation_p8.\x4_round[0]' from process `\ascon_permutation_p8.$proc$/home/leducduy/Desktop/ascon_accerlerator/ascon_core_verilog/rtl/ascon_permutation.v:0$688'.
No latch inferred for signal `\ascon_permutation_p8.\x4_round[1]' from process `\ascon_permutation_p8.$proc$/home/leducduy/Desktop/ascon_accerlerator/ascon_core_verilog/rtl/ascon_permutation.v:0$688'.
No latch inferred for signal `\ascon_permutation_p8.\x4_round[2]' from process `\ascon_permutation_p8.$proc$/home/leducduy/Desktop/ascon_accerlerator/ascon_core_verilog/rtl/ascon_permutation.v:0$688'.
No latch inferred for signal `\ascon_permutation_p8.\x4_round[3]' from process `\ascon_permutation_p8.$proc$/home/leducduy/Desktop/ascon_accerlerator/ascon_core_verilog/rtl/ascon_permutation.v:0$688'.
No latch inferred for signal `\ascon_permutation_p8.\x4_round[4]' from process `\ascon_permutation_p8.$proc$/home/leducduy/Desktop/ascon_accerlerator/ascon_core_verilog/rtl/ascon_permutation.v:0$688'.
No latch inferred for signal `\ascon_permutation_p8.\x4_round[5]' from process `\ascon_permutation_p8.$proc$/home/leducduy/Desktop/ascon_accerlerator/ascon_core_verilog/rtl/ascon_permutation.v:0$688'.
No latch inferred for signal `\ascon_permutation_p8.\x4_round[6]' from process `\ascon_permutation_p8.$proc$/home/leducduy/Desktop/ascon_accerlerator/ascon_core_verilog/rtl/ascon_permutation.v:0$688'.
